test/data/star/
test/data/star/0
test/data/star/1
test/data/star/2
test/data/star/3
