foo
ls: cannot access '/bin/foo': No such file or directory
/bin/sh
