-s --long file0 file1
--long file0 file1
file0 file1
file1

