unset:
1:isFALSE
0;TRUE
one
unset:0
1:isFALSE
0;TRUE
two
