a
b
c
tests/data/star/0
tests/data/star/1
tests/data/star/2
tests/data/star/3
