5:-v -s --long file0 file1
0:tests/60-function-at.sh
1:-v
2:-s
